   Compiling p333-wal v0.0.0 (/opt/src/p333/crates/wal)
    Finished `test` profile [unoptimized + debuginfo] target(s) in 0.28s
     Running unittests src/lib.rs (target/debug/deps/p333_wal-5e34dcc82440e2cf)

running 4 tests
test codec_tests::bogus_len_field_is_corrupt_frame_without_extent ... ok
test codec_tests::chain_break_is_crc_mismatch ... ok
test codec_tests::unknown_kind_is_corrupt_frame_with_extent ... ok
test codec_tests::frame_roundtrip_with_padding ... ok

test result: ok. 4 passed; 0 failed; 0 ignored; 0 measured; 0 filtered out; finished in 0.00s

     Running tests/durability.rs (target/debug/deps/durability-7d86da9d74e48ee1)

running 14 tests
test crash_child_body ... ignored

running 1 test
test metadata_conflict_detected ... ok
test oversized_append_rejected_wal_still_usable ... ok
test corrupt_synced_record_is_fatal ... ok
test midstream_kind_corruption_is_fatal ... ok
test foreign_files_in_dir_are_ignored ... ok
test append_continues_after_reopen ... ok
test single_writer_flock ... ok
test crash_receipt_synced_prefix_survives ... ok
test zero_sector_tail_is_torn_not_fatal ... ok
test zeros_in_later_record_do_not_mask_corruption ... ok
test zeroed_tail_record_extent_repairs_to_prefix ... ok
test roundtrip_across_segments ... ok
test torn_tail_truncation_at_every_offset ... ok

test result: ok. 13 passed; 0 failed; 1 ignored; 0 measured; 0 filtered out; finished in 0.15s

   Doc-tests p333_wal

running 0 tests

test result: ok. 0 passed; 0 failed; 0 ignored; 0 measured; 0 filtered out; finished in 0.00s

