   Compiling memchr v2.8.2
   Compiling pin-project-lite v0.2.17
   Compiling critical-section v1.2.0
   Compiling libc v0.2.186
   Compiling serde_core v1.0.228
   Compiling futures-core v0.3.32
   Compiling portable-atomic v1.13.1
   Compiling bytes v1.12.0
   Compiling typenum v1.20.1
   Compiling futures-io v0.3.32
   Compiling subtle v2.6.1
   Compiling smallvec v1.15.2
   Compiling futures-sink v0.3.32
   Compiling zeroize v1.9.0
   Compiling futures-channel v0.3.32
   Compiling futures-task v0.3.32
   Compiling once_cell v1.21.4
   Compiling slab v0.4.12
   Compiling thiserror v2.0.18
   Compiling itoa v1.0.18
   Compiling zerofrom v0.1.8
   Compiling futures-util v0.3.32
   Compiling stable_deref_trait v1.2.1
   Compiling scopeguard v1.2.0
   Compiling cpufeatures v0.2.17
   Compiling lock_api v0.4.14
   Compiling yoke v0.8.3
   Compiling zerocopy v0.8.52
   Compiling tracing-core v0.1.36
   Compiling zerovec v0.11.6
   Compiling litemap v0.8.2
   Compiling tracing v0.1.44
   Compiling writeable v0.6.3
   Compiling generic-array v0.14.7
   Compiling tinystr v0.8.3
   Compiling potential_utf v0.1.5
   Compiling zerotrie v0.2.4
   Compiling icu_locale_core v2.2.0
   Compiling utf8_iter v1.0.4
   Compiling log v0.4.33
   Compiling icu_collections v2.2.0
   Compiling icu_normalizer_data v2.2.0
   Compiling block-buffer v0.10.4
   Compiling crypto-common v0.1.7
   Compiling icu_properties_data v2.2.0
   Compiling digest v0.10.7
   Compiling getrandom v0.2.17
   Compiling mio v1.2.1
   Compiling rand_core v0.6.4
   Compiling socket2 v0.6.4
   Compiling percent-encoding v2.3.2
   Compiling curve25519-dalek v4.1.3
   Compiling tokio v1.52.3
   Compiling parking_lot_core v0.9.12
   Compiling anyhow v1.0.102
   Compiling serde v1.0.228
   Compiling icu_provider v2.2.0
   Compiling signature v2.2.0
   Compiling unsigned-varint v0.8.0
   Compiling ed25519 v2.2.3
   Compiling icu_normalizer v2.2.0
   Compiling icu_properties v2.2.0
   Compiling prost-derive v0.14.4
   Compiling zmij v1.0.21
   Compiling sha2 v0.10.9
   Compiling hmac v0.12.1
   Compiling hkdf v0.12.4
   Compiling serde_json v1.0.150
   Compiling ed25519-dalek v2.2.0
   Compiling multihash v0.19.5
   Compiling form_urlencoded v1.2.2
   Compiling bs58 v0.5.1
   Compiling futures-executor v0.3.32
   Compiling data-encoding v2.11.0
   Compiling ppv-lite86 v0.2.21
   Compiling idna_adapter v1.2.2
   Compiling idna v1.1.0
   Compiling rand_chacha v0.3.1
   Compiling futures v0.3.32
   Compiling pin-project v1.1.13
   Compiling parking_lot v0.12.5
   Compiling rand v0.8.6
   Compiling prost v0.14.4
   Compiling url v2.5.8
   Compiling p333-ltdd v0.0.0 (/opt/src/p333/crates/ltdd)
   Compiling static_assertions v1.1.0
   Compiling libp2p-identity v0.2.14
   Compiling crossbeam-utils v0.8.21
   Compiling const-str v0.4.3
   Compiling byteorder v1.5.0
   Compiling data-encoding-macro v0.1.20
   Compiling rustls-pki-types v1.14.1
   Compiling base-x v0.2.11
   Compiling untrusted v0.9.0
   Compiling quick-protobuf v0.8.1
   Compiling base256emoji v1.0.2
   Compiling ring v0.17.14
   Compiling getrandom v0.4.3
   Compiling multibase v0.9.2
   Compiling unsigned-varint v0.7.2
   Compiling futures-timer v3.0.4
   Compiling fnv v1.0.7
   Compiling web-time v1.1.0
   Compiling arrayref v0.3.9
   Compiling multistream-select v0.13.0
   Compiling aws-lc-sys v0.41.0
   Compiling multiaddr v0.18.2
   Compiling rw-stream-sink v0.4.0
   Compiling either v1.16.0
   Compiling ipnet v2.12.0
   Compiling httparse v1.10.1
   Compiling foldhash v0.1.5
   Compiling base64 v0.22.1
   Compiling hashbrown v0.15.5
   Compiling libp2p-core v0.43.2
   Compiling getrandom v0.3.4
   Compiling thiserror v1.0.69
   Compiling aws-lc-rs v1.17.0
   Compiling rand_core v0.9.5
   Compiling hashlink v0.10.0
   Compiling fastrand v2.4.1
   Compiling rand_chacha v0.9.0
   Compiling netlink-packet-core v0.8.1
   Compiling asynchronous-codec v0.7.0
   Compiling parking v2.2.1
   Compiling libp2p-swarm v0.47.1
   Compiling rand v0.9.4
   Compiling futures-bounded v0.2.4
   Compiling netlink-sys v0.8.8
   Compiling tinyvec_macros v0.1.1
   Compiling tinyvec v1.11.0
   Compiling nix v0.30.1
   Compiling netlink-proto v0.12.0
   Compiling netlink-packet-route v0.28.0
   Compiling quick-protobuf-codec v0.3.1
   Compiling uuid v1.23.3
   Compiling crossbeam-epoch v0.9.18
   Compiling rustls-webpki v0.103.13
   Compiling crossbeam-channel v0.5.15
   Compiling tagptr v0.2.0
   Compiling nohash-hasher v0.2.0
   Compiling equivalent v1.0.2
   Compiling hickory-proto v0.25.2
   Compiling webpki-roots v1.0.8
   Compiling sha1 v0.10.6
   Compiling moka v0.12.15
   Compiling resolv-conf v0.7.6
   Compiling rustls v0.23.41
   Compiling soketto v0.8.1
   Compiling webpki-roots v0.26.11
   Compiling snow v0.9.6
   Compiling yamux v0.12.1
   Compiling yamux v0.13.10
   Compiling p333-metering v0.0.0 (/opt/src/p333/crates/metering)
   Compiling cbor4ii v0.3.3
   Compiling x25519-dalek v2.0.1
   Compiling libp2p-noise v0.46.1
   Compiling libp2p-allow-block-list v0.6.0
   Compiling libp2p-request-response v0.29.0
   Compiling libp2p-yamux v0.47.0
   Compiling libp2p-relay v0.21.1
   Compiling hickory-resolver v0.25.2
   Compiling libp2p-connection-limits v0.6.0
   Compiling libp2p-identify v0.47.0
   Compiling libp2p-ping v0.47.0
   Compiling libp2p-dcutr v0.14.1
   Compiling hybrid-array v0.4.12
   Compiling rtnetlink v0.20.0
   Compiling libp2p-dns v0.44.0
   Compiling p333-consensus v0.0.0 (/opt/src/p333/crates/consensus)
   Compiling http v1.4.2
   Compiling crypto-common v0.2.2
   Compiling futures-rustls v0.26.0
   Compiling libp2p-websocket v0.45.1
   Compiling http-body v1.0.1
   Compiling block-buffer v0.12.1
   Compiling digest v0.11.3
   Compiling concurrent-queue v2.5.0
   Compiling try-lock v0.2.5
   Compiling tower-service v0.3.3
   Compiling event-listener v5.4.1
   Compiling want v0.3.1
   Compiling atomic-waker v1.1.2
   Compiling signature v3.0.0
   Compiling cpufeatures v0.3.0
   Compiling ed25519 v3.0.0-rc.4
   Compiling event-listener-strategy v0.5.4
   Compiling sha2 v0.11.0
   Compiling hyper v1.10.1
   Compiling curve25519-dalek v5.0.0-pre.6
   Compiling serde_bytes v0.11.19
   Compiling spin v0.9.8
   Compiling sync_wrapper v1.0.2
   Compiling crc-catalog v2.5.0
   Compiling openssl-probe v0.2.1
   Compiling const-oid v0.10.2
   Compiling tower-layer v0.3.3
   Compiling hashbrown v0.14.5
   Compiling der v0.8.0
   Compiling tower v0.5.3
   Compiling hyper-util v0.1.20
   Compiling ed25519-dalek v3.0.0-pre.6
   Compiling if-watch v3.2.2
   Compiling dashmap v6.2.1
   Compiling rustls-native-certs v0.8.4
   Compiling crc v3.4.0
   Compiling libp2p-tcp v0.44.1
   Compiling flume v0.12.0
   Compiling serde_bencode v0.2.4
   Compiling arc-swap v1.9.1
   Compiling async-lock v3.4.2
   Compiling libp2p v0.56.0
   Compiling tokio-rustls v0.26.4
   Compiling p333-billing v0.0.0 (/opt/src/p333/crates/billing)
   Compiling futures-lite v2.6.1
   Compiling p333-identity v0.0.0 (/opt/src/p333/crates/identity)
   Compiling smallstr v0.3.1
   Compiling hex v0.4.3
   Compiling dyn-clone v1.0.20
   Compiling p333-relay v0.0.0 (/opt/src/p333/crates/relay)
   Compiling sha1_smol v1.0.1
   Compiling lru v0.16.4
   Compiling yrs v0.23.5
   Compiling hyper-rustls v0.27.9
   Compiling rustls-platform-verifier v0.7.0
   Compiling spki v0.8.0
   Compiling tower-http v0.6.11
   Compiling http-body-util v0.1.3
   Compiling diatomic-waker v0.2.3
   Compiling base32 v0.5.1
   Compiling cordyceps v0.3.4
   Compiling httpdate v1.0.3
   Compiling spin v0.10.0
   Compiling pkcs8 v0.11.0-rc.11
   Compiling futures-buffered v0.2.13
   Compiling ntimestamp v1.0.0
   Compiling async-compat v0.2.5
   Compiling reqwest v0.13.4
   Compiling mainline v6.2.0
   Compiling simple-dns v0.11.3
   Compiling self_cell v1.2.2
   Compiling mainline v7.0.0
   Compiling tempfile v3.27.0
   Compiling p333-replay v0.0.0 (/opt/src/p333/crates/replay)
   Compiling p333-relay-client-wasm v0.0.0 (/opt/src/p333/crates/relay-client-wasm)
   Compiling p333-wal v0.0.0 (/opt/src/p333/crates/wal)
   Compiling p333-crdt v0.0.0 (/opt/src/p333/crates/crdt)
   Compiling pkarr v6.0.1
   Compiling p333-relay-billing v0.0.0 (/opt/src/p333/crates/relay-billing)
   Compiling p333-discovery v0.0.0 (/opt/src/p333/crates/discovery)
    Finished `test` profile [unoptimized + debuginfo] target(s) in 24.76s
     Running unittests src/lib.rs (target/debug/deps/p333_billing-2b9fe55ba799ed1a)

running 0 tests

test result: ok. 0 passed; 0 failed; 0 ignored; 0 measured; 0 filtered out; finished in 0.00s

     Running tests/replay_safe_billing.rs (target/debug/deps/replay_safe_billing-83984e8312d3d070)

running 3 tests
test an_underfunded_account_gates ... ok
test a_replayed_debit_message_does_not_double_charge ... ok
test billing_conserves_and_each_debit_is_a_finalized_spend ... ok

test result: ok. 3 passed; 0 failed; 0 ignored; 0 measured; 0 filtered out; finished in 0.00s

     Running unittests src/lib.rs (target/debug/deps/p333_consensus-98e80ca69ea97cb7)

running 0 tests

test result: ok. 0 passed; 0 failed; 0 ignored; 0 measured; 0 filtered out; finished in 0.00s

     Running tests/owned_safety.rs (target/debug/deps/owned_safety-badfdafa16886a83)

running 3 tests
test a_stale_spend_after_finalize_is_also_rejected ... ok
test a_valid_spend_finalizes_and_advances_the_version ... ok
test equivocation_is_rejected_so_no_double_spend_finalizes ... ok

test result: ok. 3 passed; 0 failed; 0 ignored; 0 measured; 0 filtered out; finished in 0.00s

     Running unittests src/lib.rs (target/debug/deps/p333_crdt-756570001e59dbf2)

running 0 tests

test result: ok. 0 passed; 0 failed; 0 ignored; 0 measured; 0 filtered out; finished in 0.00s

     Running tests/convergence.rs (target/debug/deps/convergence-5726f4c7bf495e16)

running 5 tests
test a_replica_that_missed_sync_is_recorded_as_diverged ... ok
test merge_is_commutative_associative_idempotent ... ok
test replicas_converge_after_gossip_and_no_divergence_is_recorded ... ok
test a_yrs_replica_that_missed_an_update_is_recorded_as_diverged ... ok
test yrs_replicas_converge_under_concurrent_edits ... ok

test result: ok. 5 passed; 0 failed; 0 ignored; 0 measured; 0 filtered out; finished in 0.00s

     Running unittests src/lib.rs (target/debug/deps/p333_discovery-9263358d04a34232)

running 0 tests

test result: ok. 0 passed; 0 failed; 0 ignored; 0 measured; 0 filtered out; finished in 0.00s

     Running tests/pkarr_roundtrip.rs (target/debug/deps/pkarr_roundtrip-2c144505b4216d0f)

running 2 tests
test pkarr_key_shares_the_did_ed25519_root ... ok
test publish_then_resolve_superpeer_multiaddr ... ok

test result: ok. 2 passed; 0 failed; 0 ignored; 0 measured; 0 filtered out; finished in 4.53s

     Running unittests src/lib.rs (target/debug/deps/p333_identity-69029af0e4b47a40)

running 0 tests

test result: ok. 0 passed; 0 failed; 0 ignored; 0 measured; 0 filtered out; finished in 0.00s

     Running tests/did_key.rs (target/debug/deps/did_key-333fc2df73e7a770)

running 3 tests
test a_malformed_or_wrong_curve_did_key_is_rejected ... ok
test ed25519_did_key_is_z6mk_and_round_trips ... ok
test did_key_and_peer_id_did_are_two_encodings_of_one_key ... ok

test result: ok. 3 passed; 0 failed; 0 ignored; 0 measured; 0 filtered out; finished in 0.00s

     Running tests/rfc8032_did_peerid.rs (target/debug/deps/rfc8032_did_peerid-67a82704f76211c2)

running 3 tests
test rejects_wrong_length_public_key ... ok
test did_equals_libp2p_peer_id_and_is_ed25519_not_secp256k1 ... ok
test ed25519_rfc8032_keygen_and_sign_conformance ... ok

test result: ok. 3 passed; 0 failed; 0 ignored; 0 measured; 0 filtered out; finished in 0.02s

     Running unittests src/lib.rs (target/debug/deps/p333_ltdd-ef5d987ec24f07ff)

running 0 tests

test result: ok. 0 passed; 0 failed; 0 ignored; 0 measured; 0 filtered out; finished in 0.00s

     Running tests/arrival.rs (target/debug/deps/arrival-fbeb740efac71a57)

running 5 tests
test green_to_absent_flip_is_real ... ok
test healthy_store_positively_confirms_arrival ... ok
test unreachable_store_is_inconclusive_never_a_hard_fail ... ok
test jsonl_is_the_ooptdd_envelope_for_a_cross_language_python_verifier ... ok
test silent_loss_is_caught_even_though_the_self_report_says_ok ... ok

test result: ok. 5 passed; 0 failed; 0 ignored; 0 measured; 0 filtered out; finished in 0.00s

     Running unittests src/lib.rs (target/debug/deps/p333_metering-0f3a74093cc31b0d)

running 0 tests

test result: ok. 0 passed; 0 failed; 0 ignored; 0 measured; 0 filtered out; finished in 0.00s

     Running tests/credit.rs (target/debug/deps/credit-d39f354298d366a5)

running 4 tests
test cost_is_ceil_kib_times_rate ... ok
test a_leaky_relay_that_forwards_without_debiting_breaks_conservation ... ok
test empty_bucket_gates_the_relay_and_never_overdraws ... ok
test metered_forwards_debit_credit_and_conserve ... ok

test result: ok. 4 passed; 0 failed; 0 ignored; 0 measured; 0 filtered out; finished in 0.00s

     Running tests/transport.rs (target/debug/deps/transport-f1b2371d267929d4)

running 2 tests
test a_loopback_session_meters_within_budget_and_conserves_end_to_end ... ok
test a_session_that_outruns_its_budget_gates_partway ... ok

test result: ok. 2 passed; 0 failed; 0 ignored; 0 measured; 0 filtered out; finished in 0.00s

     Running unittests src/lib.rs (target/debug/deps/p333_relay-964a0e3b5856feec)

running 0 tests

test result: ok. 0 passed; 0 failed; 0 ignored; 0 measured; 0 filtered out; finished in 0.00s

     Running tests/circuit_relay_reachability.rs (target/debug/deps/circuit_relay_reachability-c3f7ad2b25b9d21f)

running 1 test
test listener_reachable_via_circuit_relay_then_ping_succeeds ... ok

test result: ok. 1 passed; 0 failed; 0 ignored; 0 measured; 0 filtered out; finished in 0.06s

     Running tests/circuit_relay_ws_reachability.rs (target/debug/deps/circuit_relay_ws_reachability-6c5aac915762d7a3)

running 1 test
test listener_reachable_via_ws_circuit_relay_then_ping_succeeds ... ok

test result: ok. 1 passed; 0 failed; 0 ignored; 0 measured; 0 filtered out; finished in 0.07s

     Running unittests src/lib.rs (target/debug/deps/p333_relay_billing-c1e02223b9473877)

running 0 tests

test result: ok. 0 passed; 0 failed; 0 ignored; 0 measured; 0 filtered out; finished in 0.00s

     Running tests/relayed_billing.rs (target/debug/deps/relayed_billing-dbc3a614b1757add)

running 1 test
test real_relayed_payload_is_metered_and_billed ... ok

test result: ok. 1 passed; 0 failed; 0 ignored; 0 measured; 0 filtered out; finished in 0.06s

     Running unittests src/lib.rs (target/debug/deps/p333_relay_client_wasm-1d8b33d2cff6bccf)

running 0 tests

test result: ok. 0 passed; 0 failed; 0 ignored; 0 measured; 0 filtered out; finished in 0.00s

     Running unittests src/lib.rs (target/debug/deps/p333_replay-7ccb8f3abbbc46d9)

running 0 tests

test result: ok. 0 passed; 0 failed; 0 ignored; 0 measured; 0 filtered out; finished in 0.00s

     Running tests/determinism.rs (target/debug/deps/determinism-11b577d24bab6953)

running 3 tests
test a_step_that_depends_on_the_run_diverges_and_is_caught ... ok
test same_inputs_replay_to_the_same_state_across_runs ... ok
test step_is_pure ... ok

test result: ok. 3 passed; 0 failed; 0 ignored; 0 measured; 0 filtered out; finished in 0.00s

     Running unittests src/lib.rs (target/debug/deps/p333_wal-dc05c7c97b948c3e)

running 2 tests
test codec_tests::chain_break_is_crc_mismatch ... ok
test codec_tests::frame_roundtrip_with_padding ... ok

test result: ok. 2 passed; 0 failed; 0 ignored; 0 measured; 0 filtered out; finished in 0.00s

     Running tests/durability.rs (target/debug/deps/durability-83c5b5ba54791b46)

running 9 tests
test crash_child_body ... ignored

running 1 test
test single_writer_flock ... ok
test metadata_conflict_detected ... ok
test corrupt_synced_record_is_fatal ... ok
test zero_sector_tail_is_torn_not_fatal ... ok
test append_continues_after_reopen ... ok
test crash_receipt_synced_prefix_survives ... ok
test roundtrip_across_segments ... ok
test torn_tail_truncation_at_every_offset ... ok

test result: ok. 8 passed; 0 failed; 1 ignored; 0 measured; 0 filtered out; finished in 0.16s

   Doc-tests p333_billing

running 0 tests

test result: ok. 0 passed; 0 failed; 0 ignored; 0 measured; 0 filtered out; finished in 0.00s

   Doc-tests p333_consensus

running 0 tests

test result: ok. 0 passed; 0 failed; 0 ignored; 0 measured; 0 filtered out; finished in 0.00s

   Doc-tests p333_crdt

running 0 tests

test result: ok. 0 passed; 0 failed; 0 ignored; 0 measured; 0 filtered out; finished in 0.00s

   Doc-tests p333_discovery

running 0 tests

test result: ok. 0 passed; 0 failed; 0 ignored; 0 measured; 0 filtered out; finished in 0.00s

   Doc-tests p333_identity

running 0 tests

test result: ok. 0 passed; 0 failed; 0 ignored; 0 measured; 0 filtered out; finished in 0.00s

   Doc-tests p333_ltdd

running 0 tests

test result: ok. 0 passed; 0 failed; 0 ignored; 0 measured; 0 filtered out; finished in 0.00s

   Doc-tests p333_metering

running 0 tests

test result: ok. 0 passed; 0 failed; 0 ignored; 0 measured; 0 filtered out; finished in 0.00s

   Doc-tests p333_relay

running 0 tests

test result: ok. 0 passed; 0 failed; 0 ignored; 0 measured; 0 filtered out; finished in 0.00s

   Doc-tests p333_relay_billing

running 0 tests

test result: ok. 0 passed; 0 failed; 0 ignored; 0 measured; 0 filtered out; finished in 0.00s

   Doc-tests p333_relay_client_wasm

running 0 tests

test result: ok. 0 passed; 0 failed; 0 ignored; 0 measured; 0 filtered out; finished in 0.00s

   Doc-tests p333_replay

running 0 tests

test result: ok. 0 passed; 0 failed; 0 ignored; 0 measured; 0 filtered out; finished in 0.00s

   Doc-tests p333_wal

running 0 tests

test result: ok. 0 passed; 0 failed; 0 ignored; 0 measured; 0 filtered out; finished in 0.00s

FULL_EXIT=0
   Compiling libp2p v0.56.0
   Compiling p333-relay-client-wasm v0.0.0 (/opt/src/p333/crates/relay-client-wasm)
    Finished `dev` profile [unoptimized + debuginfo] target(s) in 22.19s
WASM_EXIT=0
