   Compiling p333-wal v0.0.0 (/opt/src/p333/crates/wal)
    Finished `test` profile [unoptimized + debuginfo] target(s) in 0.27s
     Running unittests src/lib.rs (target/debug/deps/p333_wal-321c81b4434e2de0)

running 2 tests
test codec_tests::chain_break_is_crc_mismatch ... ok
test codec_tests::frame_roundtrip_with_padding ... ok

test result: ok. 2 passed; 0 failed; 0 ignored; 0 measured; 0 filtered out; finished in 0.00s

     Running tests/durability.rs (target/debug/deps/durability-0a820b1f347931d0)

running 9 tests
test crash_child_body ... ignored

running 1 test
test single_writer_flock ... ok
test metadata_conflict_detected ... ok
test corrupt_synced_record_is_fatal ... ok
test zero_sector_tail_is_torn_not_fatal ... ok
test append_continues_after_reopen ... ok
test crash_receipt_synced_prefix_survives ... ok
test roundtrip_across_segments ... ok
test torn_tail_truncation_at_every_offset ... ok

test result: ok. 8 passed; 0 failed; 1 ignored; 0 measured; 0 filtered out; finished in 0.19s

   Doc-tests p333_wal

running 0 tests

test result: ok. 0 passed; 0 failed; 0 ignored; 0 measured; 0 filtered out; finished in 0.00s

